// Jest Snapshot v1, https://goo.gl/fbAQLP

exports[`rendering first loan fiels component renders loanField1 component 1`] = `ShallowWrapper {}`;
